22:36:41 **** Build of configuration Debug for project lab7 ****
make -j16 all 
arm-none-eabi-gcc "../Core/Src/main.c" -mcpu=cortex-m4 -std=gnu11 -g3 -DDEBUG -DUSE_HAL_DRIVER -DSTM32F446xx -c -I../Core/Inc -I../Drivers/STM32F4xx_HAL_Driver/Inc -I../Drivers/STM32F4xx_HAL_Driver/Inc/Legacy -I../Drivers/CMSIS/Device/ST/STM32F4xx/Include -I../Drivers/CMSIS/Include -I../FATFS/Target -I../FATFS/App -I../Middlewares/Third_Party/FatFs/src -O0 -ffunction-sections -fdata-sections -Wall -fstack-usage -fcyclomatic-complexity -MMD -MP -MF"Core/Src/main.d" -MT"Core/Src/main.o" --specs=nano.specs -mfpu=fpv4-sp-d16 -mfloat-abi=hard -mthumb -o "Core/Src/main.o"
arm-none-eabi-gcc -o "lab7.elf" @"objects.list"   -mcpu=cortex-m4 -T"C:\Users\asrol\Documents\stm32-xx\lab7\lab7\STM32F446RETX_FLASH.ld" --specs=nosys.specs -Wl,-Map="lab7.map" -Wl,--gc-sections -static --specs=nano.specs -mfpu=fpv4-sp-d16 -mfloat-abi=hard -mthumb -Wl,--start-group -lc -lm -Wl,--end-group
Finished building target: lab7.elf
 
arm-none-eabi-size  lab7.elf 
arm-none-eabi-objdump -h -S lab7.elf  > "lab7.list"
   text	   data	    bss	    dec	    hex	filename
  31976	    180	   6796	  38952	   9828	lab7.elf
Finished building: default.size.stdout
 
Finished building: lab7.list
 

22:36:43 Build Finished. 0 errors, 0 warnings. (took 2s.576ms)

